+220 -16007
+197 -16466
+199 -17105
+192 -16606
+220 -16651
+9027 -4474 +591 -537 +599 -530 +595 -534 +591 -538 +598 -531 +594 -535 +591 -539 +597 -532 +593 -1665 +597 -1662 +600 -1660 +592 -1667 +595 -1665 +597 -1661 +590 -1669 +593 -1666 +596 -533 +593 -1666 +595 -534 +591 -1667 +595 -534 +592 -537 +598 -1661 +590 -1668 +595 -1663 +598 -531 +594 -1665 +597 -532 +593 -1666 +596 -1662 +600 -529 +596 -533 +592 -20488
+9037 -2237 +597 -17225
+9027 -2244 +590 -17518
+9026 -4474 +592 -535 +600 -529 +596 -533 +592 -538 +597 -530 +596 -533 +592 -563 +573 -530 +594 -1664 +598 -1662 +599 -1657 +594 -1664 +597 -1661 +600 -1658 +593 -1666 +595 -1662 +599 -1660 +591 -537 +598 -531 +594 -534 +601 -528 +597 -531 +593 -1666 +596 -1662 +600 -530 +595 -1662 +599 -1660 +591 -1667 +594 -1666 +596 -1661 +602 -527 +596 -532 +593 -17441
+9030 -2240 +593 -18172
+9030 -4473 +593 -535 +600 -529 +596 -533 +592 -536 +599 -530 +595 -534 +591 -537 +598 -531 +594 -1666 +595 -1662 +600 -1660 +591 -1666 +596 -1664 +597 -1660 +597 -1661 +594 -1663 +598 -1660 +601 -527 +598 -533 +592 -1664 +598 -1662 +600 -528 +597 -532 +593 -1666 +596 -532 +593 -1666 +596 -1662 +600 -529 +596 -533 +592 -1666 +598 -1661 +599 -530 +595 -20372
+9031 -2243 +603 -17114
+9024 -4478 +598 -529 +595 -533 +592 -537 +598 -531 +594 -534 +591 -538 +597 -531 +594 -536 +589 -1668 +593 -1666 +595 -1663 +599 -1658 +592 -1666 +595 -1663 +597 -1660 +591 -1667 +596 -534 +590 -1667 +594 -535 +591 -538 +596 -1662 +600 -530 +595 -1662 +599 -1660 +592 -1667 +595 -534 +593 -1666 +594 -1665 +597 -531 +593 -1665 +597 -532 +593 -536 +599 -17251
+9031 -2242 +591 -17997
+9027 -4480 +596 -532 +593 -536 +602 -527 +596 -533 +591 -538 +598 -531 +594 -535 +600 -529 +596 -1663 +601 -1658 +591 -1667 +594 -1665 +597 -1662 +600 -1659 +592 -1667 +595 -1664 +598 -1661 +591 -538 +597 -1662 +600 -1659 +593 -1666 +595 -534 +591 -538 +600 -1660 +590 -539 +596 -1663 +599 -530 +595 -534 +591 -538 +598 -1661 +590 -1671 +591 -536 +599 -16869
+9035 -2239 +595 -17605
+9034 -4472 +593 -535 +590 -538 +597 -533 +592 -536 +599 -529 +595 -534 +592 -536 +599 -530 +594 -1666 +599 -1657 +591 -1667 +594 -1664 +598 -1662 +589 -1668 +594 -1665 +597 -1661 +591 -1667 +594 -1667 +595 -532 +593 -1665 +596 -532 +593 -536 +599 -1659 +592 -1666 +596 -533 +592 -536 +599 -1660 +591 -537 +598 -1660 +591 -1668 +594 -535 +590 -538 +597 -24446
+9031 -2242 +590 -17197
+9026 -4478 +598 -530 +595 -534 +591 -538 +597 -531 +595 -534 +590 -538 +597 -532 +593 -536 +600 -1659 +592 -1668 +594 -1663 +599 -1661 +590 -1667 +594 -1665 +596 -1661 +591 -1667 +593 -536 +599 -529 +596 -533 +592 -537 +599 -1660 +591 -537 +598 -531 +594 -1666 +596 -1661 +591 -1668 +594 -1665 +596 -1661 +590 -539 +597 -1662 +599 -1660 +591 -536 +599 -18216
+9032 -2240 +593 -18961
+9034 -4472 +595 -533 +600 -529 +596 -532 +593 -537 +598 -530 +595 -534 +591 -538 +598 -531 +594 -1665 +597 -1664 +597 -1659 +594 -1665 +595 -1665 +596 -1661 +601 -1658 +593 -1665 +596 -533 +592 -537 +598 -531 +594 -535 +602 -526 +597 -532 +593 -536 +599 -1661 +591 -1667 +595 -1663 +598 -1661 +600 -1658 +593 -1666 +596 -1662 +599 -1660 +592 -537 +598 -17284
+9029 -2244 +600 -18014
+9028 -4480 +597 -534 +592 -535 +600 -529 +596 -533 +594 -536 +597 -531 +594 -535 +590 -540 +596 -1662 +599 -1662 +590 -1667 +594 -1666 +595 -1662 +601 -1658 +592 -1668 +594 -1664 +598 -1662 +589 -538 +598 -531 +593 -536 +599 -529 +596 -533 +592 -537 +597 -1660 +591 -537 +598 -1662 +590 -1668 +594 -1665 +596 -1662 +602 -1657 +592 -1667 +594 -534 +591 -17777
+9033 -2242 +592 -18512
+9032 -4474 +590 -537 +599 -531 +594 -534 +591 -538 +597 -531 +595 -534 +600 -529 +596 -533 +592 -1666 +595 -1664 +598 -1661 +590 -1669 +592 -1666 +596 -1664 +597 -1660 +591 -1669 +593 -535 +590 -539 +601 -1659 +599 -1660 +592 -1667 +594 -534 +591 -539 +597 -1662 +599 -1659 +592 -1667 +595 -535 +590 -538 +598 -530 +593 -1666 +595 -1663 +598 -530 +596 -23145
+9035 -2239 +597 -19872
+9027 -4477 +598 -530 +595 -533 +592 -536 +599 -530 +596 -533 +591 -538 +598 -531 +594 -536 +600 -1658 +593 -1665 +596 -1663 +599 -1660 +599 -1659 +594 -1664 +597 -1660 +601 -1657 +594 -1666 +596 -532 +594 -535 +599 -1660 +591 -1666 +596 -534 +591 -538 +598 -1660 +601 -527 +601 -1658 +600 -1659 +592 -536 +599 -529 +596 -1662 +599 -1662 +590 -537 +598 -18118
+9027 -2244 +599 -18853
+9023 -4478 +598 -529 +596 -533 +592 -537 +599 -530 +593 -535 +600 -555 +570 -533 +592 -536 +599 -1659 +592 -1667 +595 -1666 +595 -1661 +600 -1659 +592 -1666 +595 -1664 +598 -1660 +601 -528 +597 -1661 +601 -530 +595 -1662 +600 -529 +596 -533 +592 -1666 +596 -1663 +598 -1660 +592 -538 +597 -1660 +601 -528 +597 -1661 +600 -1659 +592 -536 +600 -529 +596 -16748
+9037 -2237 +597 -17485
+9028 -4478 +649 -479 +596 -533 +591 -538 +599 -530 +594 -535 +600 -529 +596 -533 +591 -538 +598 -1661 +591 -1668 +593 -1666 +595 -1663 +599 -1661 +591 -1669 +593 -1667 +594 -1664 +598 -1661 +600 -529 +596 -538 +587 -536 +598 -530 +595 -534 +592 -1667 +593 -1665 +597 -532 +592 -1666 +595 -1665 +597 -1661 +591 -1668 +593 -1668 +594 -533 +592 -537 +598 -16742
+9029 -2247 +597 -17470
+9028 -4478 +601 -554 +568 -560 +565 -564 +571 -559 +566 -562 +563 -565 +570 -559 +566 -563 +572 -1659 +592 -1668 +594 -1665 +597 -1662 +590 -1669 +592 -1665 +595 -1663 +598 -1660 +591 -565 +571 -1661 +599 -556 +569 -561 +565 -1666 +595 -560 +565 -1667 +594 -1665 +597 -1661 +603 -552 +569 -1662 +599 -1660 +592 -563 +572 -1660 +592 -564 +571 -558 +567 -17575
+9027 -2243 +591 -18312
+9031 -4477 +597 -556 +569 -560 +565 -564 +576 -554 +566 -561 +564 -565 +570 -532 +593 -562 +572 -1659 +592 -1668 +593 -1663 +600 -1659 +591 -1669 +592 -1665 +597 -1663 +599 -1658 +593 -1667 +595 -533 +592 -1667 +594 -1663 +598 -1660 +591 -564 +571 -558 +569 -1663 +597 -558 +567 -1665 +596 -532 +593 -563 +575 -554 +569 -1663 +599 -1661 +590 -537 +598 -17161
+9027 -2244 +589 -17908
+9027 -4480 +596 -558 +567 -562 +563 -566 +571 -558 +565 -563 +572 -557 +568 -536 +590 -565 +570 -1661 +592 -1667 +593 -1668 +594 -1663 +598 -1662 +589 -1668 +594 -1666 +595 -1662 +600 -1658 +592 -1666 +598 -558 +565 -1667 +594 -563 +562 -565 +570 -1662 +600 -1659 +592 -563 +572 -558 +567 -1664 +597 -558 +567 -1665 +596 -1666 +596 -558 +567 -562 +563 -16866
+9030 -2243 +590 -17591
+9037 -4468 +591 -564 +576 -552 +568 -535 +591 -565 +570 -561 +564 -564 +572 -555 +569 -560 +564 -1668 +594 -1664 +597 -1665 +597 -1659 +593 -1665 +595 -1665 +597 -1661 +590 -1669 +592 -563 +572 -556 +569 -561 +564 -564 +571 -1661 +592 -563 +570 -559 +566 -1666 +596 -1662 +598 -1661 +590 -1668 +594 -1666 +596 -533 +592 -1669 +593 -1663 +598 -558 +568 -19621
+9027 -2245 +590 -20361
+9036 -4477 +588 -535 +589 -566 +569 -533 +591 -563 +572 -557 +568 -534 +591 -565 +570 -558 +567 -1665 +598 -1661 +600 -1659 +593 -1666 +595 -1664 +597 -1662 +600 -1661 +590 -1667 +595 -560 +564 -565 +570 -559 +566 -563 +572 -530 +594 -561 +564 -565 +571 -1661 +600 -1661 +590 -1667 +595 -1666 +596 -1662 +600 -1660 +591 -1667 +595 -1664 +597 -559 +566 -20528
+9035 -4470 +595 -533 +592 -572 +564 -556 +569 -560 +564 -539 +602 -557 +563 -562 +563 -566 +569 -1663 +598 -1660 +591 -1667 +594 -1665 +597 -1661 +600 -1661 +590 -1666 +595 -1665 +596 -1661 +590 -566 +569 -559 +566 -536 +599 -556 +569 -560 +565 -564 +571 -1663 +589 -564 +571 -1661 +591 -1667 +593 -1669 +593 -1662 +599 -1660 +591 -1666 +595 -564 +561 -23462
+9026 -2245 +599 -20189
+9027 -4479 +598 -529 +595 -533 +592 -537 +599 -530 +595 -534 +590 -539 +648 -482 +592 -536 +599 -1660 +591 -1670 +592 -1665 +596 -1664 +598 -1659 +593 -1666 +595 -1664 +597 -1661 +591 -538 +597 -532 +593 -1665 +596 -1662 +599 -1659 +592 -537 +599 -530 +595 -1665 +596 -1660 +591 -1668 +594 -535 +600 -529 +596 -533 +594 -1664 +595 -1664 +597 -531 +595 -17849
+9031 -2243 +591 -18587
+9033 -4471 +592 -535 +599 -530 +595 -534 +591 -537 +597 -530 +597 -532 +600 -536 +589 -531 +594 -1665 +596 -1662 +601 -1657 +592 -1668 +594 -1663 +598 -1661 +600 -1657 +594 -1665 +597 -532 +593 -1666 +595 -533 +592 -1666 +596 -533 +592 -537 +598 -1661 +601 -1657 +594 -1665 +597 -532 +593 -1667 +595 -533 +592 -1666 +596 -1663 +598 -531 +594 -535 +600 -19124
+9033 -4471 +595 -560 +564 -564 +571 -558 +567 -561 +563 -566 +570 -559 +566 -563 +573 -556 +571 -1661 +599 -1661 +591 -1668 +594 -1666 +595 -1663 +599 -1662 +590 -1669 +593 -1666 +595 -1664 +598 -557 +568 -561 +564 -565 +571 -558 +567 -562 +573 -1667 +585 -1666 +595 -534 +592 -1668 +594 -1665 +597 -1661 +600 -1660 +592 -1667 +595 -537 +599 -555 +571 -22263
+9031 -4475 +590 -537 +598 -531 +594 -536 +599 -528 +597 -532 +593 -536 +600 -529 +596 -533 +592 -1666 +595 -1663 +598 -1661 +601 -1658 +593 -1667 +594 -1662 +601 -1658 +591 -1667 +595 -1663 +598 -531 +594 -536 +599 -1657 +594 -1666 +596 -532 +593 -535 +600 -1659 +592 -536 +599 -1660 +591 -1666 +595 -534 +591 -537 +598 -1660 +603 -1656 +594 -562 +574 -20313
+9031 -4472 +593 -562 +573 -556 +570 -559 +565 -563 +572 -556 +569 -560 +564 -564 +572 -557 +568 -1665 +597 -1661 +593 -1665 +594 -1665 +598 -1667 +593 -1659 +592 -1666 +596 -1663 +599 -558 +567 -1663 +602 -553 +569 -559 +565 -1667 +595 -560 +565 -1667 +595 -1663 +599 -1660 +591 -564 +571 -1662 +590 -1667 +593 -561 +575 -1657 +593 -562 +573 -557 +569 -19269
+9037 -2237 +597 -20005
+9030 -4473 +591 -563 +573 -556 +575 -554 +565 -564 +571 -558 +567 -562 +573 -556 +569 -560 +565 -1667 +595 -1664 +597 -1662 +600 -1659 +592 -1667 +594 -1665 +597 -1662 +599 -1660 +591 -1668 +593 -563 +574 -1658 +591 -1670 +592 -1666 +595 -560 +566 -564 +571 -1662 +600 -555 +569 -1663 +598 -557 +569 -561 +563 -566 +570 -1662 +600 -1660 +593 -563 +578 -19870
+9035 -2242 +591 -20602
+9033 -4474 +591 -563 +572 -557 +569 -560 +565 -564 +571 -558 +567 -563 +562 -566 +570 -559 +566 -1666 +595 -1663 +598 -1663 +588 -1668 +595 -1664 +596 -1664 +597 -1660 +591 -1669 +593 -1665 +597 -1662 +599 -556 +569 -1666 +596 -557 +568 -561 +564 -1670 +592 -1665 +597 -559 +566 -563 +572 -1660 +591 -565 +571 -1662 +602 -1657 +592 -564 +572 -558 +569 -19476
+9034 -2242 +592 -20201
+9032 -4473 +594 -560 +564 -565 +571 -558 +567 -563 +572 -556 +569 -560 +566 -563 +573 -556 +568 -1664 +598 -1661 +590 -1668 +596 -1662 +596 -1664 +598 -1659 +591 -1668 +594 -1664 +597 -558 +567 -562 +573 -555 +570 -559 +566 -1666 +596 -560 +565 -563 +574 -1658 +592 -1667 +594 -1664 +597 -1661 +599 -1659 +592 -564 +571 -1660 +591 -1669 +593 -562 +564 -17366
+9038 -2235 +599 -18094
+9036 -4468 +597 -533 +592 -562 +573 -556 +569 -560 +565 -564 +572 -557 +568 -561 +564 -565 +571 -1661 +590 -1669 +595 -1663 +596 -1664 +597 -1660 +591 -1669 +592 -1665 +596 -1663 +598 -557 +568 -534 +591 -565 +570 -532 +593 -562 +573 -556 +571 -558 +565 -1667 +595 -1665 +596 -1661 +592 -1667 +593 -1666 +596 -1662 +600 -1659 +592 -1667 +594 -561 +564 -19227
+9025 -4480 +596 -559 +566 -538 +597 -557 +568 -534 +591 -564 +571 -557 +567 -562 +563 -566 +569 -1663 +598 -1659 +592 -1667 +594 -1666 +595 -1661 +600 -1660 +591 -1666 +595 -1665 +597 -1661 +590 -566 +569 -559 +566 -563 +572 -559 +566 -561 +564 -565 +571 -1662 +590 -565 +569 -1663 +599 -1660 +591 -1668 +593 -1664 +597 -1662 +600 -1659 +592 -566 +569 -18990
+9031 -4477 +599 -529 +596 -534 +591 -538 +597 -532 +594 -535 +599 -530 +595 -534 +591 -538 +597 -1663 +599 -1661 +590 -1668 +593 -1666 +595 -1664 +598 -1664 +599 -1659 +592 -1667 +594 -536 +589 -539 +596 -1663 +599 -1661 +590 -1668 +593 -537 +598 -530 +595 -1664 +598 -1661 +590 -1670 +592 -537 +599 -531 +595 -535 +590 -1669 +592 -1669 +593 -534 +591 -18184
+9033 -2244 +590 -18910
+188 -15889
+221 -352 +220 -16784
+222 -17863
+217 -19541
