+390 -17528
+207 -22951
+216 -21208
+198 -17887
+196 -23778
+243 -2712 +195 -15860
+305 -17233
+222 -22914
+192 -18860
+222 -17837
+222 -16256
+199 -7200 +222 -17731
+451 -17005
+296 -20160
+195 -19093
+220 -17395
+361 -18613
+476 -16193
+224 -15918
+9032 -4470 +595 -533 +592 -537 +599 -531 +594 -534 +591 -538 +597 -531 +594 -535 +590 -539 +597 -1662 +600 -1659 +592 -1667 +594 -1664 +598 -1661 +590 -1668 +593 -1666 +596 -1663 +599 -530 +595 -534 +591 -1667 +594 -1665 +597 -1662 +599 -529 +596 -533 +592 -1667 +595 -1664 +598 -1660 +591 -538 +597 -532 +593 -535 +601 -1658 +593 -1671 +591 -533 +592 -20490
+9032 -2243 +591 -17221
+9033 -4470 +595 -533 +592 -536 +599 -529 +647 -482 +593 -536 +598 -531 +594 -534 +590 -538 +597 -1662 +599 -1662 +590 -1667 +594 -1666 +596 -1661 +600 -1660 +591 -1666 +596 -1663 +598 -531 +645 -484 +590 -1668 +593 -1668 +594 -1663 +599 -531 +595 -534 +591 -1667 +594 -1664 +597 -1662 +599 -529 +596 -533 +592 -537 +599 -1660 +591 -1668 +593 -534 +590 -18224
+9035 -2240 +594 -18966
+9030 -4476 +592 -537 +649 -481 +593 -535 +600 -529 +596 -533 +592 -537 +598 -531 +595 -535 +590 -1669 +593 -1667 +594 -1664 +598 -1662 +589 -1669 +593 -1666 +595 -1664 +597 -1661 +590 -539 +597 -532 +593 -1666 +596 -1664 +598 -1660 +591 -538 +597 -532 +593 -1666 +596 -1663 +599 -1660 +591 -538 +597 -532 +593 -536 +599 -1659 +592 -1666 +595 -535 +590 -17726
+9030 -2240 +593 -18456
+194 -19034
+199 -19060
+201 -20463
+216 -17389 +219 -18197
+211 -218 +221 -18610
+197 -19135
+9028 -4477 +589 -538 +597 -532 +593 -536 +600 -529 +596 -533 +592 -537 +650 -480 +594 -534 +591 -1668 +594 -1665 +597 -1663 +599 -1659 +593 -1667 +595 -1663 +598 -1661 +590 -1668 +593 -536 +600 -1659 +592 -538 +598 -1661 +590 -539 +597 -532 +593 -1666 +595 -1664 +598 -1661 +591 -538 +597 -1662 +600 -530 +647 -1613 +598 -1661 +590 -539 +597 -532 +593 -16672
+9035 -2242 +592 -17401
+399 -17233
+220 -16160
+197 -1160 +374 -18141
+9031 -4477 +590 -539 +596 -533 +592 -538 +598 -531 +594 -535 +600 -529 +596 -533 +591 -538 +598 -1662 +599 -1660 +592 -1668 +594 -1666 +596 -1663 +598 -1661 +590 -1669 +592 -1667 +594 -535 +590 -1669 +593 -537 +598 -1661 +590 -539 +596 -533 +592 -1667 +595 -1665 +596 -1664 +598 -531 +594 -1665 +597 -533 +592 -1667 +595 -1665 +597 -532 +593 -536 +599 -20029
+9035 -2241 +592 -16755
+9028 -4477 +599 -529 +596 -533 +592 -537 +598 -531 +594 -535 +591 -538 +596 -533 +592 -537 +599 -1661 +591 -1668 +594 -1665 +596 -1664 +598 -1661 +590 -1669 +592 -1666 +595 -1664 +597 -531 +594 -1665 +596 -533 +592 -1667 +594 -534 +591 -538 +597 -1662 +599 -1659 +592 -1668 +594 -535 +590 -1669 +592 -536 +599 -1660 +591 -1668 +594 -535 +590 -540 +596 -18876
+9037 -2239 +595 -23605
+198 -19363
+9087 -4471 +595 -533 +592 -538 +598 -531 +594 -535 +600 -529 +596 -533 +592 -537 +599 -531 +594 -1664 +597 -1662 +599 -1659 +592 -1667 +595 -1664 +598 -1661 +590 -1670 +592 -1666 +595 -534 +592 -1667 +594 -534 +591 -538 +597 -1661 +600 -529 +597 -1662 +599 -1660 +592 -1667 +595 -534 +591 -1668 +594 -1665 +597 -532 +593 -1666 +596 -534 +591 -537 +598 -13756
+9036 -2236 +598 -18492
+9030 -4474 +600 -528 +597 -533 +592 -537 +598 -529 +595 -534 +602 -527 +597 -558 +567 -536 +599 -1663 +588 -1667 +597 -1662 +597 -1662 +600 -1661 +590 -1667 +595 -1663 +598 -1661 +600 -529 +596 -1663 +599 -557 +568 -534 +601 -1661 +590 -562 +573 -1662 +589 -1666 +595 -1671 +593 -529 +599 -1663 +592 -1671 +595 -529 +595 -1666 +593 -531 +594 -562 +571 -19041
+9033 -2246 +585 -19755
+214 -22824
+196 -16312
+9035 -4471 +595 -534 +591 -538 +598 -532 +593 -537 +599 -531 +595 -535 +600 -529 +596 -533 +592 -1667 +594 -1665 +596 -1664 +598 -1661 +601 -1659 +592 -1667 +594 -1665 +596 -1663 +598 -531 +594 -1665 +597 -533 +592 -537 +598 -1661 +590 -538 +597 -1662 +600 -1659 +593 -1666 +595 -534 +591 -1667 +595 -1664 +598 -532 +593 -1666 +596 -533 +592 -537 +598 -19568
+9029 -2246 +598 -20297
+192 -18935
+9031 -4472 +594 -534 +591 -538 +598 -531 +594 -535 +600 -529 +596 -533 +593 -536 +599 -530 +595 -1664 +598 -1660 +591 -1668 +594 -1665 +598 -1661 +600 -1659 +593 -1666 +596 -1663 +599 -1659 +592 -537 +599 -530 +594 -1664 +598 -1661 +590 -539 +596 -532 +593 -1665 +596 -534 +591 -1667 +595 -1664 +598 -532 +592 -536 +599 -1660 +592 -1667 +594 -535 +590 -19746
+9035 -2239 +594 -20474
+9035 -4474 +588 -533 +592 -537 +598 -531 +596 -532 +603 -526 +597 -532 +593 -562 +573 -529 +596 -1663 +600 -1659 +600 -1658 +593 -1665 +598 -1662 +599 -1663 +587 -1666 +595 -1671 +591 -1667 +594 -531 +594 -559 +566 -1674 +587 -1663 +598 -531 +594 -562 +574 -1658 +593 -547 +611 -1648 +589 -1666 +590 -558 +565 -537 +598 -1661 +600 -1659 +593 -537 +601 -19581
+9040 -2231 +596 -20294
+9035 -4472 +594 -535 +601 -528 +596 -533 +592 -537 +598 -531 +594 -535 +600 -529 +596 -533 +592 -1667 +594 -1665 +596 -1662 +599 -1660 +601 -1658 +594 -1665 +596 -1663 +598 -1661 +601 -1658 +593 -563 +572 -530 +595 -1665 +597 -1662 +600 -530 +596 -533 +591 -1668 +594 -536 +599 -1659 +592 -1667 +594 -535 +600 -529 +596 -1663 +599 -1660 +602 -528 +597 -18612
+9038 -2239 +595 -19339
+9031 -4474 +593 -536 +600 -529 +596 -533 +592 -537 +599 -530 +595 -534 +591 -538 +597 -532 +593 -1666 +596 -1664 +598 -1661 +591 -1668 +593 -1666 +596 -1663 +599 -1660 +591 -1668 +593 -1665 +596 -533 +592 -537 +599 -531 +595 -534 +590 -539 +597 -1663 +599 -1660 +592 -537 +598 -1661 +600 -1659 +592 -1666 +595 -1664 +597 -1661 +590 -540 +596 -532 +654 -18081
+9035 -2242 +592 -18872
+9035 -4470 +596 -532 +593 -536 +599 -533 +592 -534 +591 -537 +598 -531 +594 -535 +590 -538 +597 -1662 +600 -1659 +592 -1666 +595 -1664 +598 -1661 +591 -1668 +593 -1666 +596 -1662 +599 -1664 +587 -537 +598 -531 +646 -483 +652 -477 +597 -532 +593 -1665 +596 -1662 +599 -530 +595 -1663 +598 -1660 +591 -1668 +594 -1665 +596 -1662 +600 -529 +647 -482 +592 -13387
+9029 -2247 +598 -18114
+9032 -4475 +592 -538 +598 -531 +594 -535 +600 -529 +597 -533 +592 -537 +598 -531 +594 -535 +600 -1659 +593 -1667 +594 -1664 +597 -1663 +599 -1660 +591 -1669 +593 -1666 +596 -1663 +598 -1661 +600 -529 +596 -533 +592 -537 +599 -530 +595 -535 +601 -1658 +593 -1665 +597 -532 +593 -1665 +596 -1663 +599 -1660 +592 -1667 +594 -1664 +597 -533 +592 -536 +600 -18202
+9037 -2238 +597 -18941
+221 -18857
+9031 -4477 +599 -531 +594 -535 +600 -529 +596 -533 +592 -537 +598 -531 +594 -535 +600 -529 +597 -1662 +599 -1661 +601 -1659 +593 -1667 +595 -1664 +597 -1663 +598 -1660 +602 -1657 +593 -536 +599 -1660 +601 -1658 +593 -1666 +596 -534 +591 -539 +597 -1662 +600 -1660 +591 -1667 +594 -536 +599 -529 +596 -560 +565 -1668 +594 -1665 +596 -533 +592 -537 +599 -18207
+9031 -2245 +600 -18935
+192 -22336
+9037 -4470 +596 -533 +592 -537 +598 -531 +594 -535 +590 -539 +597 -532 +593 -537 +599 -530 +595 -1664 +598 -1661 +601 -1658 +593 -1667 +595 -1664 +598 -1661 +600 -1658 +593 -1666 +596 -534 +591 -1667 +595 -1664 +598 -1662 +600 -529 +596 -533 +592 -1666 +595 -1663 +599 -1660 +590 -539 +596 -534 +591 -537 +599 -1658 +593 -1666 +595 -534 +591 -538 +597 -19133
+9037 -2238 +597 -18985 +199 -20676
+9039 -4471 +595 -533 +592 -537 +599 -531 +594 -535 +601 -529 +596 -532 +593 -536 +599 -556 +569 -1663 +598 -1662 +600 -1658 +593 -1666 +595 -1663 +598 -1661 +601 -1658 +594 -1665 +596 -533 +592 -1666 +595 -1663 +599 -1660 +601 -528 +597 -533 +593 -1666 +596 -1664 +597 -1660 +601 -554 +571 -558 +567 -536 +600 -1660 +592 -1667 +594 -535 +601 -528 +596 -18396
+9037 -2186 +699 -19073
+225 -16258
+229 -18124
+224 -16074
+216 -23099
+216 -18050
+9036 -4471 +595 -533 +592 -537 +599 -531 +594 -535 +591 -538 +597 -532 +594 -535 +650 -479 +595 -1664 +597 -1661 +600 -1659 +592 -1666 +595 -1664 +598 -1661 +590 -1669 +593 -1666 +596 -1663 +598 -530 +595 -1664 +597 -1661 +600 -1659 +593 -536 +599 -530 +595 -1664 +598 -531 +594 -1665 +597 -532 +593 -536 +599 -529 +647 -1612 +598 -1660 +591 -538 +598 -20461
+9028 -2247 +598 -17189
+201 -19742
+9037 -4470 +596 -533 +592 -537 +599 -531 +595 -534 +591 -539 +597 -532 +593 -537 +599 -530 +595 -1664 +598 -1661 +600 -1660 +591 -1667 +594 -1665 +597 -1662 +600 -1660 +591 -1667 +595 -1664 +597 -532 +593 -1666 +595 -1663 +598 -1660 +591 -538 +597 -531 +594 -1664 +596 -532 +593 -1666 +595 -533 +592 -537 +598 -531 +594 -1665 +597 -1663 +599 -529 +596 -16763
+9030 -2245 +599 -17494
+9033 -4473 +593 -536 +600 -529 +596 -533 +653 -476 +598 -531 +594 -535 +590 -539 +596 -532 +593 -1666 +595 -1664 +598 -1661 +590 -1669 +592 -1667 +595 -1664 +597 -1662 +600 -1659 +592 -1667 +595 -535 +590 -1669 +593 -1667 +595 -1664 +598 -531 +594 -535 +600 -1659 +593 -536 +599 -1660 +592 -537 +598 -531 +594 -535 +600 -1659 +592 -1667 +595 -534 +591 -18610
+9034 -2243 +591 -19340
+222 -19155
+9030 -4478 +598 -531 +594 -535 +590 -539 +596 -533 +592 -537 +598 -531 +646 -484 +590 -539 +596 -1664 +598 -1661 +590 -1669 +592 -1667 +595 -1665 +597 -1662 +600 -1659 +592 -1667 +595 -534 +591 -538 +597 -532 +593 -536 +599 -1659 +592 -537 +598 -531 +594 -1666 +596 -1664 +598 -1661 +591 -1668 +592 -1667 +595 -534 +591 -1669 +594 -1666 +595 -534 +591 -20281
+9039 -2238 +596 -21004
+9029 -4476 +589 -539 +596 -533 +592 -537 +598 -531 +595 -535 +590 -539 +597 -533 +654 -476 +598 -1661 +590 -1668 +593 -1667 +595 -1664 +597 -1662 +599 -1659 +592 -1666 +595 -1664 +597 -532 +593 -536 +599 -530 +647 -482 +591 -1667 +594 -535 +590 -539 +596 -1662 +600 -1659 +591 -1668 +594 -1665 +596 -1663 +599 -530 +595 -1664 +598 -1661 +600 -529 +596 -20053
+9039 -2237 +596 -16781
+9035 -4470 +595 -533 +592 -537 +598 -531 +594 -535 +602 -527 +597 -532 +593 -536 +599 -530 +595 -1664 +598 -1661 +601 -1658 +593 -1666 +596 -1663 +599 -1660 +601 -1658 +594 -1666 +596 -533 +592 -537 +598 -531 +594 -535 +601 -1658 +594 -535 +600 -529 +596 -1663 +599 -1660 +601 -1658 +594 -1665 +597 -1663 +599 -530 +595 -1664 +598 -1661 +600 -530 +595 -19069
+9038 -2238 +596 -19799
+9030 -4475 +591 -537 +598 -531 +598 -531 +602 -527 +596 -533 +593 -536 +599 -531 +593 -535 +600 -1659 +592 -1667 +594 -1665 +596 -1664 +598 -1661 +600 -1659 +592 -1667 +594 -1665 +596 -1663 +599 -1660 +601 -528 +597 -1662 +599 -530 +595 -534 +601 -1658 +593 -1666 +596 -533 +591 -538 +597 -1662 +600 -529 +596 -1663 +598 -1661 +600 -529 +596 -533 +592 -19165
+9041 -2236 +598 -19883
+196 -21386
+9034 -4473 +596 -529 +596 -534 +591 -537 +600 -528 +594 -535 +602 -527 +596 -533 +592 -537 +598 -1663 +598 -1658 +595 -1664 +596 -1664 +598 -1660 +601 -1659 +592 -1666 +596 -1667 +595 -1661 +600 -1660 +591 -562 +573 -1662 +589 -538 +602 -559 +562 -1670 +648 -1615 +591 -528 +601 -537 +599 -1657 +588 -540 +595 -1667 +589 -1670 +592 -537 +599 -524 +596 -23117
+9035 -2237 +598 -19851
+197 -19972
+9037 -4471 +595 -533 +592 -537 +598 -531 +595 -561 +574 -529 +596 -533 +592 -537 +599 -530 +595 -1664 +598 -1661 +600 -1659 +592 -1666 +595 -1664 +598 -1661 +601 -1658 +593 -1665 +596 -1662 +599 -1660 +592 -537 +598 -1661 +601 -555 +570 -532 +593 -1665 +596 -1662 +599 -530 +595 -535 +600 -1658 +594 -536 +600 -1659 +592 -1668 +594 -534 +601 -528 +597 -16861
+9027 -2243 +591 -17596
+224 -19318
+194 -10330 +203 -17374
+329 -21811
+9037 -4470 +596 -533 +593 -536 +599 -530 +595 -534 +591 -538 +598 -531 +594 -535 +600 -529 +596 -1663 +598 -1660 +591 -1668 +594 -1665 +597 -1663 +599 -1660 +592 -1667 +594 -1665 +647 -482 +592 -537 +598 -531 +594 -535 +590 -538 +597 -532 +593 -536 +599 -1660 +592 -1668 +594 -1665 +597 -1663 +598 -1660 +592 -1668 +594 -1665 +597 -1662 +599 -530 +595 -20291
+9037 -2240 +594 -17019
+217 -16100
+9035 -4475 +591 -538 +598 -531 +594 -535 +600 -529 +596 -534 +591 -537 +598 -531 +594 -535 +600 -1659 +592 -1667 +596 -1663 +597 -1662 +600 -1659 +593 -1666 +595 -1664 +598 -1661 +590 -539 +597 -532 +593 -536 +599 -530 +595 -533 +592 -537 +598 -531 +594 -1664 +598 -1661 +600 -1659 +592 -1666 +595 -1664 +598 -1661 +591 -1668 +593 -1665 +597 -532 +592 -18774
+9033 -2243 +592 -19504
+196 -16755
+196 -17290
+9037 -4471 +595 -534 +591 -538 +598 -532 +593 -536 +600 -530 +596 -534 +591 -538 +598 -532 +593 -1667 +595 -1663 +598 -1661 +590 -1669 +592 -1667 +595 -1664 +597 -1662 +600 -1660 +592 -537 +598 -531 +594 -536 +600 -529 +596 -533 +592 -537 +599 -531 +594 -1665 +597 -1662 +599 -1660 +591 -1668 +593 -1666 +596 -1663 +598 -1661 +590 -1668 +593 -536 +600 -19461
+9032 -2243 +591 -20202
+193 -18699
+296 -17066 +327 -17122
+9036 -4471 +596 -532 +592 -537 +598 -531 +594 -535 +590 -539 +597 -533 +593 -537 +599 -530 +595 -1664 +598 -1662 +600 -1659 +593 -1666 +595 -1664 +598 -1662 +600 -1660 +592 -1667 +594 -1665 +596 -534 +591 -538 +598 -532 +594 -536 +600 -529 +596 -534 +592 -1666 +595 -535 +590 -1668 +593 -1666 +596 -1663 +598 -1661 +590 -1668 +593 -1666 +596 -534 +591 -17530
+9040 -2238 +596 -18248
+223 -19449
+9034 -4473 +594 -535 +599 -530 +595 -534 +591 -538 +597 -533 +593 -536 +599 -530 +595 -534 +592 -1667 +593 -1665 +596 -1663 +599 -1660 +591 -1668 +593 -1666 +596 -1663 +599 -1661 +591 -1668 +593 -536 +600 -529 +596 -533 +592 -537 +599 -530 +594 -535 +600 -1659 +592 -537 +598 -1661 +591 -1668 +593 -1666 +595 -1664 +598 -1662 +589 -1669 +593 -536 +650 -19255
+9038 -2237 +596 -20035
+497 -16897
+9029 -4480 +596 -533 +592 -537 +599 -531 +594 -535 +590 -539 +596 -533 +593 -537 +599 -531 +594 -1665 +597 -1662 +599 -1660 +591 -1668 +593 -1667 +595 -1663 +598 -1661 +590 -1668 +593 -1666 +595 -534 +591 -538 +597 -532 +593 -536 +600 -530 +596 -533 +591 -1668 +594 -536 +600 -1659 +592 -1667 +595 -1664 +597 -1662 +599 -1659 +592 -1667 +594 -535 +591 -16411
+9032 -2243 +590 -17142
+205 -19705
+497 -16583
+221 -16876
+214 -18030
+222 -16136
+215 -19030
+220 -18892
+224 -15855
+194 -19211
+443 -19067
+216 -18956
+218 -22499
+218 -19641
+217 -19083
+190 -18397
+215 -16206
+186 -17754
+219 -18846
+216 -16118
+217 -19408
+191 -19128
+221 -17121
+198 -18135
+194 -18904
+193 -18834
+196 -18939
+190 -19237
+219 -19312
+192 -18684
+193 -21163
+380 -19586
+211 -18705
+220 -15804
+220 -18569
+215 -15869
+195 -17594
+197 -16392
+208 -19056
+196 -16523
+198 -19186
+222 -19067
+197 -19144
+361 -22771
+203 -17810
+191 -19036
